I'm sorry, but errors were detected in your script. Please correct the
errors listed below, and try again.


File "game/systems/cycle_manager.rpy", line 37: invalid syntax
    screen day_night_hud():
               ^^^^^^^^^^^^^

Ren'Py Version: Ren'Py 8.5.3.26051504
Wed Aug  5 20:51:41 2026
